engine.ts(427,10): error TS1472: 'catch' or 'finally' expected.
engine.ts(427,11): error TS1005: ')' expected.
engine.ts(517,9): error TS1068: Unexpected token. A constructor, method, accessor, or property was expected.
engine.ts(522,7): error TS1128: Declaration or statement expected.
engine.ts(522,8): error TS1128: Declaration or statement expected.
engine.ts(523,5): error TS1128: Declaration or statement expected.
engine.ts(533,3): error TS1128: Declaration or statement expected.
engine.ts(536,7): error TS1005: ';' expected.
engine.ts(537,6): error TS1003: Identifier expected.
engine.ts(537,11): error TS1005: ',' expected.
engine.ts(537,19): error TS1005: ',' expected.
engine.ts(537,27): error TS1005: ':' expected.
engine.ts(538,7): error TS1005: ':' expected.
engine.ts(538,25): error TS1005: ',' expected.
engine.ts(539,7): error TS1005: ':' expected.
engine.ts(539,68): error TS1005: ',' expected.
engine.ts(540,7): error TS1005: ':' expected.
engine.ts(540,24): error TS1005: ',' expected.
engine.ts(546,3): error TS1128: Declaration or statement expected.
engine.ts(546,11): error TS1434: Unexpected keyword or identifier.
engine.ts(546,40): error TS1005: ',' expected.
engine.ts(546,64): error TS1005: ',' expected.
engine.ts(546,73): error TS1005: ';' expected.
engine.ts(546,89): error TS1109: Expression expected.
engine.ts(547,7): error TS1005: ':' expected.
engine.ts(548,9): error TS1005: ':' expected.
engine.ts(548,54): error TS1005: ',' expected.
engine.ts(549,11): error TS1005: ':' expected.
engine.ts(549,109): error TS1005: ',' expected.
engine.ts(550,11): error TS1005: ':' expected.
engine.ts(571,9): error TS1005: ',' expected.
engine.ts(572,11): error TS1005: ',' expected.
engine.ts(572,18): error TS1005: ',' expected.
engine.ts(572,57): error TS1005: ',' expected.
engine.ts(573,5): error TS1005: ',' expected.
engine.ts(586,3): error TS1128: Declaration or statement expected.
engine.ts(586,42): error TS1005: ',' expected.
engine.ts(586,51): error TS1011: An element access expression should take an argument.
engine.ts(586,64): error TS1005: ',' expected.
engine.ts(586,73): error TS1005: ';' expected.
engine.ts(586,82): error TS1011: An element access expression should take an argument.
engine.ts(586,84): error TS1005: ';' expected.
engine.ts(607,3): error TS1128: Declaration or statement expected.
engine.ts(607,11): error TS1434: Unexpected keyword or identifier.
engine.ts(607,42): error TS1005: ',' expected.
engine.ts(607,59): error TS1005: ',' expected.
engine.ts(607,76): error TS1005: ';' expected.
engine.ts(608,7): error TS1005: ':' expected.
engine.ts(610,11): error TS1005: ',' expected.
engine.ts(610,15): error TS1005: ',' expected.
engine.ts(610,76): error TS1005: ',' expected.
engine.ts(611,5): error TS1005: ',' expected.
engine.ts(611,11): error TS1005: ':' expected.
engine.ts(613,12): error TS1005: ':' expected.
engine.ts(613,21): error TS1005: ',' expected.
engine.ts(617,5): error TS1005: ',' expected.
engine.ts(617,11): error TS1005: ',' expected.
engine.ts(617,15): error TS1005: ':' expected.
engine.ts(617,26): error TS1005: ',' expected.
engine.ts(620,7): error TS1005: ':' expected.
engine.ts(621,11): error TS1005: ':' expected.
engine.ts(627,24): error TS1005: ',' expected.
engine.ts(628,12): error TS1005: ':' expected.
engine.ts(628,20): error TS1005: ',' expected.
engine.ts(629,5): error TS1005: ',' expected.
engine.ts(629,11): error TS1005: ':' expected.
engine.ts(630,12): error TS1005: ':' expected.
engine.ts(630,21): error TS1005: ',' expected.
engine.ts(638,3): error TS1128: Declaration or statement expected.
engine.ts(638,11): error TS1434: Unexpected keyword or identifier.
engine.ts(639,7): error TS1005: ',' expected.
engine.ts(640,7): error TS1005: ',' expected.
engine.ts(641,7): error TS1005: ',' expected.
engine.ts(642,13): error TS1005: ',' expected.
engine.ts(643,2): error TS1005: ';' expected.
engine.ts(645,9): error TS1005: ',' expected.
engine.ts(645,13): error TS1005: ',' expected.
engine.ts(645,79): error TS1005: ',' expected.
engine.ts(646,9): error TS1005: ',' expected.
engine.ts(646,13): error TS1005: ':' expected.
engine.ts(646,25): error TS1005: ',' expected.
engine.ts(649,9): error TS1005: ',' expected.
engine.ts(649,13): error TS1005: ':' expected.
engine.ts(649,50): error TS1005: ',' expected.
engine.ts(650,9): error TS1005: ',' expected.
engine.ts(650,13): error TS1005: ':' expected.
engine.ts(650,24): error TS1005: ',' expected.
engine.ts(651,9): error TS1005: ',' expected.
engine.ts(651,13): error TS1005: ':' expected.
engine.ts(651,65): error TS1005: ',' expected.
engine.ts(654,9): error TS1005: ':' expected.
engine.ts(654,60): error TS1005: ',' expected.
engine.ts(657,9): error TS1005: ',' expected.
engine.ts(657,13): error TS1005: ',' expected.
engine.ts(657,78): error TS1005: ',' expected.
engine.ts(658,9): error TS1005: ',' expected.
engine.ts(658,13): error TS1005: ':' expected.
engine.ts(658,46): error TS1005: ',' expected.
engine.ts(659,9): error TS1005: ',' expected.
engine.ts(659,13): error TS1005: ',' expected.
engine.ts(659,55): error TS1005: ',' expected.
engine.ts(660,9): error TS1005: ',' expected.
engine.ts(660,13): error TS1005: ':' expected.
engine.ts(660,46): error TS1005: ',' expected.
engine.ts(661,9): error TS1005: ',' expected.
engine.ts(661,13): error TS1005: ',' expected.
engine.ts(661,57): error TS1005: ',' expected.
engine.ts(662,9): error TS1005: ',' expected.
engine.ts(662,13): error TS1005: ':' expected.
engine.ts(662,46): error TS1005: ',' expected.
engine.ts(665,9): error TS1005: ',' expected.
engine.ts(665,13): error TS1005: ',' expected.
engine.ts(665,39): error TS1005: ',' expected.
engine.ts(666,9): error TS1005: ',' expected.
engine.ts(666,13): error TS1005: ':' expected.
engine.ts(666,46): error TS1005: ',' expected.
engine.ts(667,7): error TS1359: Identifier expected. 'const' is a reserved word that cannot be used here.
engine.ts(667,13): error TS1005: ',' expected.
engine.ts(667,16): error TS1005: ',' expected.
engine.ts(667,19): error TS1005: ',' expected.
engine.ts(667,23): error TS1005: ',' expected.
engine.ts(667,29): error TS1005: ',' expected.
engine.ts(667,31): error TS1136: Property assignment expected.
engine.ts(742,3): error TS1128: Declaration or statement expected.
engine.ts(745,3): error TS1128: Declaration or statement expected.
engine.ts(745,11): error TS1128: Declaration or statement expected.
engine.ts(745,18): error TS1128: Declaration or statement expected.
engine.ts(745,57): error TS1005: ',' expected.
engine.ts(745,66): error TS1005: ';' expected.
engine.ts(745,75): error TS1011: An element access expression should take an argument.
engine.ts(745,79): error TS2809: Declaration or statement expected. This '=' follows a block of statements, so if you intended to write a destructuring assignment, you might need to wrap the whole assignment in parentheses.
engine.ts(751,13): error TS1005: ';' expected.
engine.ts(756,3): error TS1109: Expression expected.
engine.ts(759,3): error TS1128: Declaration or statement expected.
engine.ts(759,11): error TS1128: Declaration or statement expected.
engine.ts(759,18): error TS1128: Declaration or statement expected.
engine.ts(787,3): error TS1128: Declaration or statement expected.
engine.ts(787,11): error TS1434: Unexpected keyword or identifier.
engine.ts(787,41): error TS1005: ',' expected.
engine.ts(787,57): error TS1005: ',' expected.
engine.ts(787,66): error TS1005: ';' expected.
engine.ts(787,82): error TS1109: Expression expected.
engine.ts(789,9): error TS1005: ':' expected.
engine.ts(789,79): error TS1005: ',' expected.
engine.ts(790,7): error TS1359: Identifier expected. 'const' is a reserved word that cannot be used here.
engine.ts(790,13): error TS1005: ',' expected.
engine.ts(790,22): error TS1005: ',' expected.
engine.ts(790,25): error TS1005: ',' expected.
engine.ts(805,5): error TS1005: ',' expected.
engine.ts(805,9): error TS1359: Identifier expected. 'const' is a reserved word that cannot be used here.
engine.ts(805,15): error TS1005: ',' expected.
engine.ts(805,24): error TS1005: ',' expected.
engine.ts(805,27): error TS1005: ',' expected.
engine.ts(805,43): error TS1005: ',' expected.
engine.ts(805,68): error TS1005: ',' expected.
engine.ts(805,70): error TS1136: Property assignment expected.
engine.ts(818,3): error TS1128: Declaration or statement expected.
engine.ts(821,3): error TS1128: Declaration or statement expected.
engine.ts(821,11): error TS1434: Unexpected keyword or identifier.
engine.ts(821,39): error TS1005: ',' expected.
engine.ts(821,52): error TS1005: ',' expected.
engine.ts(821,61): error TS1005: ';' expected.
engine.ts(821,77): error TS1109: Expression expected.
engine.ts(822,7): error TS1005: ':' expected.
engine.ts(823,11): error TS1005: ':' expected.
engine.ts(823,107): error TS1005: ',' expected.
engine.ts(824,9): error TS1005: ':' expected.
engine.ts(824,89): error TS1005: ',' expected.
engine.ts(825,9): error TS1005: ':' expected.
engine.ts(825,36): error TS1005: ',' expected.
engine.ts(826,5): error TS1005: ',' expected.
engine.ts(826,11): error TS1005: ':' expected.
engine.ts(827,9): error TS1005: ':' expected.
engine.ts(827,52): error TS1005: ',' expected.
engine.ts(831,3): error TS1128: Declaration or statement expected.
engine.ts(831,34): error TS1005: ',' expected.
engine.ts(831,47): error TS1011: An element access expression should take an argument.
engine.ts(831,49): error TS1005: ';' expected.
engine.ts(832,9): error TS1005: ':' expected.
engine.ts(832,76): error TS1005: ',' expected.
engine.ts(833,9): error TS1005: ':' expected.
engine.ts(833,25): error TS1005: ',' expected.
engine.ts(834,7): error TS1359: Identifier expected. 'const' is a reserved word that cannot be used here.
engine.ts(834,13): error TS1005: ',' expected.
engine.ts(834,17): error TS1005: ',' expected.
engine.ts(834,20): error TS1005: ',' expected.
engine.ts(834,24): error TS1005: ',' expected.
engine.ts(834,29): error TS1005: ',' expected.
engine.ts(834,31): error TS1136: Property assignment expected.
engine.ts(845,3): error TS1128: Declaration or statement expected.
engine.ts(848,3): error TS1128: Declaration or statement expected.
engine.ts(848,36): error TS1005: ',' expected.
engine.ts(848,49): error TS1011: An element access expression should take an argument.
engine.ts(848,55): error TS1005: ',' expected.
engine.ts(848,75): error TS1005: ',' expected.
engine.ts(848,85): error TS1005: ';' expected.
engine.ts(849,7): error TS1005: ':' expected.
engine.ts(850,11): error TS1005: ':' expected.
engine.ts(850,78): error TS1005: ',' expected.
engine.ts(851,11): error TS1005: ':' expected.
engine.ts(851,16): error TS1005: ',' expected.
engine.ts(851,24): error TS1005: ',' expected.
engine.ts(851,25): error TS1109: Expression expected.
engine.ts(851,27): error TS1005: ':' expected.
engine.ts(851,31): error TS1005: ',' expected.
engine.ts(852,17): error TS1005: '{' expected.
engine.ts(852,22): error TS1005: ',' expected.
engine.ts(852,35): error TS1005: ',' expected.
engine.ts(853,9): error TS1359: Identifier expected. 'const' is a reserved word that cannot be used here.
engine.ts(853,15): error TS1005: ',' expected.
engine.ts(853,22): error TS1005: ',' expected.
engine.ts(853,25): error TS1005: ',' expected.
engine.ts(860,7): error TS1005: ',' expected.
engine.ts(860,9): error TS1005: ',' expected.
engine.ts(860,90): error TS1005: ',' expected.
engine.ts(861,5): error TS1005: ',' expected.
engine.ts(861,11): error TS1005: ':' expected.
engine.ts(862,9): error TS1005: ':' expected.
engine.ts(862,76): error TS1005: ',' expected.
engine.ts(866,3): error TS1128: Declaration or statement expected.
engine.ts(866,28): error TS1005: ',' expected.
engine.ts(866,37): error TS1005: ';' expected.
engine.ts(867,7): error TS1005: ':' expected.
engine.ts(867,70): error TS1005: ',' expected.
engine.ts(870,3): error TS1128: Declaration or statement expected.
engine.ts(870,20): error TS1005: ',' expected.
engine.ts(870,37): error TS1005: ',' expected.
engine.ts(870,46): error TS1005: ';' expected.
engine.ts(871,7): error TS1005: ':' expected.
engine.ts(875,5): error TS1005: ',' expected.
engine.ts(878,3): error TS1128: Declaration or statement expected.
engine.ts(878,19): error TS1005: ',' expected.
engine.ts(878,28): error TS1005: ';' expected.
engine.ts(878,44): error TS1109: Expression expected.
engine.ts(879,10): error TS1005: ':' expected.
engine.ts(879,47): error TS1005: ',' expected.
engine.ts(883,3): error TS1128: Declaration or statement expected.
engine.ts(883,24): error TS1005: ',' expected.
engine.ts(883,33): error TS1005: ';' expected.
engine.ts(883,35): error TS1434: Unexpected keyword or identifier.
engine.ts(888,3): error TS1128: Declaration or statement expected.
engine.ts(888,28): error TS1005: ',' expected.
engine.ts(888,37): error TS1005: ';' expected.
engine.ts(888,46): error TS1011: An element access expression should take an argument.
engine.ts(888,48): error TS1005: ';' expected.
engine.ts(924,3): error TS1128: Declaration or statement expected.
engine.ts(924,11): error TS1434: Unexpected keyword or identifier.
engine.ts(925,7): error TS1005: ',' expected.
engine.ts(926,7): error TS1005: ',' expected.
engine.ts(927,2): error TS1005: ';' expected.
engine.ts(927,32): error TS1005: ',' expected.
engine.ts(927,50): error TS1005: ',' expected.
engine.ts(929,7): error TS1005: ':' expected.
engine.ts(930,11): error TS1005: ':' expected.
engine.ts(934,7): error TS1005: ',' expected.
engine.ts(935,13): error TS1005: ',' expected.
engine.ts(935,28): error TS1005: ',' expected.
engine.ts(935,30): error TS1136: Property assignment expected.
engine.ts(940,5): error TS1128: Declaration or statement expected.
engine.ts(940,7): error TS1005: 'try' expected.
engine.ts(970,3): error TS1128: Declaration or statement expected.
engine.ts(973,3): error TS1128: Declaration or statement expected.
engine.ts(973,11): error TS1434: Unexpected keyword or identifier.
engine.ts(973,38): error TS1005: ',' expected.
engine.ts(973,56): error TS1005: ',' expected.
engine.ts(973,65): error TS1011: An element access expression should take an argument.
engine.ts(973,67): error TS1005: ';' expected.
engine.ts(974,7): error TS1359: Identifier expected. 'const' is a reserved word that cannot be used here.
engine.ts(974,13): error TS1005: ',' expected.
engine.ts(974,17): error TS1005: ',' expected.
engine.ts(974,20): error TS1005: ',' expected.
engine.ts(983,5): error TS1005: ',' expected.
engine.ts(983,12): error TS1005: ':' expected.
engine.ts(983,16): error TS1005: ',' expected.
engine.ts(985,1): error TS1128: Declaration or statement expected.
